[backblue.gif]
[fade.gif]
[index.html]
[reports.suburbandiagnostics.com/ScanMe/Scripts/kendo/2017.2.621/jquery.min.js]
[reports.suburbandiagnostics.com/ScanMe/Scripts/kendo/2017.2.621/angular.min.js]
[reports.suburbandiagnostics.com/ScanMe/Scripts/kendo/2017.2.621/jszip.min.js]
[reports.suburbandiagnostics.com/ScanMe/Scripts/kendo/2017.2.621/kendo.all.min.js]
[reports.suburbandiagnostics.com/ScanMe/Scripts/kendo/2017.2.621/kendo.aspnetmvc.min.js]
[ajax.googleapis.com/ajax/libs/jqueryui/1/jquery-ui.js]
[reports.suburbandiagnostics.com/ScanMe/Scripts/jquery.notify.js]
[reports.suburbandiagnostics.com/ScanMe/Scripts/run_prettify.js]
[maxcdn.bootstrapcdn.com/font-awesome/4.4.0/css/font-awesome.min.css]
[reports.suburbandiagnostics.com/ScanMe/Images/favicon3.png]
[reports.suburbandiagnostics.com/ScanMe/Images/suburban-logo6.jpg]
[reports.suburbandiagnostics.com/ScanMe/Images/DashboardIcons/aunthenticator.jpg]
[reports.suburbandiagnostics.com/ScanMe/Images/DashboardIcons/calltodoctor.jpg]
[reports.suburbandiagnostics.com/ScanMe/Images/stats.png]
[reports.suburbandiagnostics.com/ScanMe/Patient/Reportc956.pdf]
[reports.suburbandiagnostics.com/scanme/Content/pdf-icon.png]
[reports.suburbandiagnostics.com/ScanMe/Images/BlockHelp/C-1.jpg]
[reports.suburbandiagnostics.com/ScanMe/Images/BlockHelp/C-2.jpg]
[reports.suburbandiagnostics.com/ScanMe/Images/BlockHelp/C-3.jpg]
[reports.suburbandiagnostics.com/ScanMe/Images/BlockHelp/C-4.jpg]
[reports.suburbandiagnostics.com/ScanMe/Images/BlockHelp/C-5.jpg]
[reports.suburbandiagnostics.com/ScanMe/Images/BlockHelp/C-6.jpg]
[reports.suburbandiagnostics.com/ScanMe/Images/BlockHelp/C-7.jpg]
[reports.suburbandiagnostics.com/ScanMe/Images/BlockHelp/MF-1.jpg]
[reports.suburbandiagnostics.com/ScanMe/Images/BlockHelp/MF-2.jpg]
[reports.suburbandiagnostics.com/ScanMe/Images/BlockHelp/MF-3.jpg]
[reports.suburbandiagnostics.com/ScanMe/Images/BlockHelp/MF-4.jpg]
[reports.suburbandiagnostics.com/ScanMe/Images/BlockHelp/MF-5.jpg]
[reports.suburbandiagnostics.com/ScanMe/Images/BlockHelp/ME-1.jpg]
[reports.suburbandiagnostics.com/ScanMe/Images/BlockHelp/ME-2.jpg]
[reports.suburbandiagnostics.com/ScanMe/Images/BlockHelp/ME-3.jpg]
[reports.suburbandiagnostics.com/ScanMe/Images/BlockHelp/ME-4.jpg]
[reports.suburbandiagnostics.com/ScanMe/Images/BlockHelp/ME-5.jpg]
[reports.suburbandiagnostics.com/ScanMe/Images/BlockHelp/IE-1.jpg]
[reports.suburbandiagnostics.com/ScanMe/Images/BlockHelp/IE-2.jpg]
[reports.suburbandiagnostics.com/ScanMe/Images/BlockHelp/IE-3.jpg]
[reports.suburbandiagnostics.com/ScanMe/Images/BlockHelp/IE-4.jpg]
[reports.suburbandiagnostics.com/ScanMe/Images/BlockHelp/IE-5.jpg]
[reports.suburbandiagnostics.com/ScanMe/Images/BlockHelp/IE-6.jpg]
[reports.suburbandiagnostics.com/ScanMe/Images/BlockHelp/S-1.jpg]
[reports.suburbandiagnostics.com/ScanMe/Images/BlockHelp/S-2.jpg]
[reports.suburbandiagnostics.com/ScanMe/Images/BlockHelp/S-3.jpg]
[reports.suburbandiagnostics.com/ScanMe/Images/BlockHelp/S-4.jpg]
[reports.suburbandiagnostics.com/ScanMe/Images/BlockHelp/S-5.jpg]
[reports.suburbandiagnostics.com/scanme/Patient/Reports5218.html]
[reports.suburbandiagnostics.com/ScanMe/Content/bootstrap.min.css]
[reports.suburbandiagnostics.com/ScanMe/Content/suburban.css]
[reports.suburbandiagnostics.com/ScanMe/Content/master.css]
[reports.suburbandiagnostics.com/ScanMe/Content/kendo/2017.2.621/kendo.common.min.css]
[ajax.googleapis.com/ajax/libs/jqueryui/1.8/themes/redmond/images/ui-bg_inset-hard_100_fcfdfd_1x100.png]
[ajax.googleapis.com/ajax/libs/jqueryui/1.8/themes/redmond/images/ui-bg_gloss-wave_55_5c9ccc_500x100.png]
[ajax.googleapis.com/ajax/libs/jqueryui/1.8/themes/redmond/images/ui-bg_glass_85_dfeffc_1x400.png]
[ajax.googleapis.com/ajax/libs/jqueryui/1.8/themes/redmond/images/ui-bg_glass_75_d0e5f5_1x400.png]
[ajax.googleapis.com/ajax/libs/jqueryui/1.8/themes/redmond/images/ui-bg_inset-hard_100_f5f8f9_1x100.png]
[ajax.googleapis.com/ajax/libs/jqueryui/1.8/themes/redmond/images/ui-bg_flat_55_fbec88_40x100.png]
[ajax.googleapis.com/ajax/libs/jqueryui/1.8/themes/redmond/images/ui-bg_glass_95_fef1ec_1x400.png]
[ajax.googleapis.com/ajax/libs/jqueryui/1.8/themes/redmond/images/ui-icons_469bdd_256x240.png]
[ajax.googleapis.com/ajax/libs/jqueryui/1.8/themes/redmond/images/ui-icons_d8e7f3_256x240.png]
[ajax.googleapis.com/ajax/libs/jqueryui/1.8/themes/redmond/images/ui-icons_6da8d5_256x240.png]
[ajax.googleapis.com/ajax/libs/jqueryui/1.8/themes/redmond/images/ui-icons_217bc0_256x240.png]
[ajax.googleapis.com/ajax/libs/jqueryui/1.8/themes/redmond/images/ui-icons_f9bd01_256x240.png]
[ajax.googleapis.com/ajax/libs/jqueryui/1.8/themes/redmond/images/ui-icons_2e83ff_256x240.png]
[ajax.googleapis.com/ajax/libs/jqueryui/1.8/themes/redmond/images/ui-icons_cd0a0a_256x240.png]
[ajax.googleapis.com/ajax/libs/jqueryui/1.8/themes/redmond/images/ui-bg_flat_0_aaaaaa_40x100.png]
[ajax.googleapis.com/ajax/libs/jqueryui/1.8/themes/redmond/jquery-ui.css]
[reports.suburbandiagnostics.com/ScanMe/Content/ui.notify.css]
[reports.suburbandiagnostics.com/ScanMe/Content/kendo/2017.2.621/kendo.bootstrap.min.css]
[maxcdn.bootstrapcdn.com/font-awesome/4.4.0/css/font-awesome.min.css]
[reports.suburbandiagnostics.com/ScanMe/Images/loading.gif]
[reports.suburbandiagnostics.com/ScanMe/Content/suburban-common.css]
[reports.suburbandiagnostics.com/ScanMe/Images/loader.gif]
[reports.suburbandiagnostics.com/ScanMe/images/appointment_img1w.png]
[reports.suburbandiagnostics.com/ScanMe/images/appointment_img3w.png]
[reports.suburbandiagnostics.com/ScanMe/images/zone_img1w5e1f.png]
[reports.suburbandiagnostics.com/ScanMe/images/zoon_img2w5e1f.png]
[reports.suburbandiagnostics.com/ScanMe/images/zoon_img3w5e1f.png]
[reports.suburbandiagnostics.com/ScanMe/images/zoon_img4w5e1f.png]
[reports.suburbandiagnostics.com/ScanMe/images/zoon_img5w5e1f.png]
[reports.suburbandiagnostics.com/ScanMe/images/zone_img8-hover5e1f.png]
[reports.suburbandiagnostics.com/ScanMe/images/family_img1w5e1f.png]
[reports.suburbandiagnostics.com/ScanMe/images/family_img2w5e1f.png]
[reports.suburbandiagnostics.com/ScanMe/images/family_img3w5e1f.png]
[reports.suburbandiagnostics.com/ScanMe/Content/dashboard_style.css]
[www.googletagmanager.com/gtm5445.html]
[reports.suburbandiagnostics.com/ScanMe/Content/fonts/icomoonbcfd.eot]
[reports.suburbandiagnostics.com/ScanMe/Content/fonts/icomoond41d.eot]
[reports.suburbandiagnostics.com/ScanMe/Content/fonts/icomoonbcfd.woff]
[reports.suburbandiagnostics.com/ScanMe/Content/fonts/icomoonbcfd.ttf]
[reports.suburbandiagnostics.com/ScanMe/Content/Site.css]
[reports.suburbandiagnostics.com/ScanMe/Patient/UpdateProfile.html]
[reports.suburbandiagnostics.com/ScanMe/img/icons-grey.html]
[reports.suburbandiagnostics.com/ScanMe/img/icons-violet.html]
[reports.suburbandiagnostics.com/ScanMe/img/icons-orange.html]
[reports.suburbandiagnostics.com/ScanMe/Content/kendo/2017.2.621/textures/transtexture.html]
[reports.suburbandiagnostics.com/ScanMe/Content/kendo/2017.2.621/textures/transparency.html]
[reports.suburbandiagnostics.com/ScanMe/Content/kendo/2017.2.621/textures/hue.html]
[reports.suburbandiagnostics.com/ScanMe/Content/kendo/2017.2.621/Bootstrap/sprite.html]
[reports.suburbandiagnostics.com/ScanMe/Content/kendo/2017.2.621/Bootstrap/loading.html]
[reports.suburbandiagnostics.com/ScanMe/Content/kendo/2017.2.621/Bootstrap/loading-image.html]
[reports.suburbandiagnostics.com/ScanMe/Content/kendo/2017.2.621/Bootstrap/indeterminate.html]
[reports.suburbandiagnostics.com/ScanMe/Content/kendo/2017.2.621/Bootstrap/slider-h.html]
[reports.suburbandiagnostics.com/ScanMe/Content/kendo/2017.2.621/Bootstrap/slider-v.html]
[reports.suburbandiagnostics.com/ScanMe/Content/kendo/2017.2.621/Bootstrap/markers.html]
[reports.suburbandiagnostics.com/ScanMe/Content/kendo/2017.2.621/Bootstrap/markers_2x.html]
[reports.suburbandiagnostics.com/ScanMe/images/carot.html]
[reports.suburbandiagnostics.com/ScanMe/Content/images/carot.html]
[reports.suburbandiagnostics.com/ScanMe/Content/fonts/icomoonbcfd.svg]
[reports.suburbandiagnostics.com/ScanMe/Patient/GetBillWiseServiceReportData2262.html]
[reports.suburbandiagnostics.com/ScanMe/Patient/GetBillWiseServiceReportDatae797.html]
[reports.suburbandiagnostics.com/ScanMe/Patient/GetBillWiseServiceReportDataa293.html]
[reports.suburbandiagnostics.com/ScanMe/Patient/GetBillWiseServiceReportData2571.html]
[reports.suburbandiagnostics.com/ScanMe/Patient/GetBillWiseServiceReportDatadeb5.html]
[reports.suburbandiagnostics.com/ScanMe/Patient/GetBillWiseServiceReportData9398.html]
[reports.suburbandiagnostics.com/ScanMe/Patient/GetBillWiseServiceReportData2ac9.html]
[reports.suburbandiagnostics.com/ScanMe/Patient/GetBillWiseServiceReportData3664.html]
[reports.suburbandiagnostics.com/ScanMe/Patient/GetBillWiseServiceReportData6ecb.html]
[reports.suburbandiagnostics.com/ScanMe/Patient/GetBillWiseServiceReportData6feb.html]
[reports.suburbandiagnostics.com/ScanMe/Patient/GetBillWiseServiceReportDataee98.html]
[reports.suburbandiagnostics.com/ScanMe/Patient/GridServiceParametersReportDataee98.html]
